------- FILE build.h LEVEL 1 PASS 2
      1  0000 ????				      IFNCONST	REGIONPARAM
      2  0000 ????	       00 03	   REGION     =	PAL_SECAM	; default targted region
      3  0000 ????			  -	      ELSE
      4  0000 ????			  -REGION     =	REGIONPARAM	; target region supplied by the dasm assembler (see build.bat)
      5  0000 ????				      ENDIF
      6  0000 ????
      7  0000 ????
      8  0000 ????						; available regions
      9  0000 ????	       00 01	   NTSC       =	1
     10  0000 ????	       00 02	   PAL	      =	2
     11  0000 ????	       00 03	   PAL_SECAM  =	3
     12  0000 ????	       00 04	   SECAM      =	4
     13  0000 ????
     14  0000 ????						; region scanlines
     15  0000 ????			  -	      IF	REGION = NTSC
     16  0000 ????			  -VBLANKLINES =	37
     17  0000 ????			  -VOUTLINES  =	96	; height of our 2lk kernel playfield 192/2
     18  0000 ????			  -OVERSCANLINES =	30
     19  0000 ????			  -PFSEGHEIGHT =	%00001111	; pf segements are 4 kernel lines in height
     20  0000 ????				      ELSE
     21  0000 ????						; PAL and SECAM use the same timings	 
     22  0000 ????	       00 24	   VBLANKLINES =	36
     23  0000 ????	       00 78	   VOUTLINES  =	120	; height of our 2lk kernel playfield 240/2
     24  0000 ????	       00 21	   OVERSCANLINES =	33
     25  0000 ????	       00 1f	   PFSEGHEIGHT =	%00011111	; pf segements are 5 kernel lines in height
     26  0000 ????				      ENDIF
     27  0000 ????
     28  0000 ????						; calculate timings
     29  0000 ????	       00 2a	   VBLANKTIME =	(VBLANKLINES * 76) / 64
     30  0000 ????	       00 27	   OVERSCANTIME =	(OVERSCANLINES * 76) / 64
     31  0000 ????
     32  0000 ????						; region color
     33  0000 ????			  -	      IF	REGION = NTSC
     34  0000 ????			  -RED	      =	$46
     35  0000 ????			  -ORANGE     =	$3c
     36  0000 ????			  -YELLOW     =	$1e
     37  0000 ????			  -BLUE       =	$a6
     38  0000 ????			  -	      ECHO	"REGION NTSC"
     39  0000 ????				      ENDIF
     40  0000 ????
     41  0000 ????			  -	      IF	REGION = PAL
     42  0000 ????			  -RED	      =	$66
     43  0000 ????			  -ORANGE     =	$2a
     44  0000 ????			  -YELLOW     =	$2e
     45  0000 ????			  -BLUE       =	$b4
     46  0000 ????			  -	      ECHO	"REGION PAL"
     47  0000 ????				      ENDIF
     48  0000 ????
     49  0000 ????						; PAL carts will also work on SECAM consoles. If you want to support SECAM and PAL on the same cart you need
     50  0000 ????						; to adjust the first nybble to match with one of the 8 SECAM colors.
     51  0000 ????				      IF	REGION = PAL_SECAM
     52  0000 ????	       00 64	   RED	      =	$64
     53  0000 ????	       00 26	   ORANGE     =	$26
     54  0000 ????	       00 1c	   YELLOW     =	$1c
     55  0000 ????	       00 b2	   BLUE       =	$b2
 REGION PAL_SECAM
     56  0000 ????				      ECHO	"REGION PAL_SECAM"
     57  0000 ????				      ENDIF
     58  0000 ????
     59  0000 ????						; If you're specifically targetting a SECAM audience then assign your colours based on the 8 available with the top nybble being 0.
     60  0000 ????						; These will display as black and white if used with a PAL console.
     61  0000 ????			  -	      IF	REGION = SECAM
     62  0000 ????			  -RED	      =	$04
     63  0000 ????			  -ORANGE     =	$06
     64  0000 ????			  -YELLOW     =	$0c
     65  0000 ????			  -BLUE       =	$02
     66  0000 ????			  -	      ECHO	"REGION SECAM"
     67  0000 ????				      ENDIF
     68  0000 ????
     69  0000 ????						; Give a little feedback about our target during build   
 VSYNC 3
     70  0000 ????				      ECHO	"VSYNC 3"
 VBLANK 36
     71  0000 ????				      ECHO	"VBLANK", [VBLANKLINES]d
 VOUT 120
     72  0000 ????				      ECHO	"VOUT", [VOUTLINES]d
 OVERSCAN 33
     73  0000 ????				      ECHO	"OVERSCAN", [OVERSCANLINES]d
